
[1m[46m RUN [49m[22m [36mv4.0.18 [39m[90mC:/Dev/VolleyScore-Pro[39m

 [31mÔØ»[39m src/features/voice/services/__tests__/VoiceCommandParser.improvements.test.ts [2m([22m[2m26 tests[22m[2m | [22m[31m4 failed[39m[2m)[22m[32m 21[2mms[22m[39m
     [32mÔ£ô[39m "cancelar" isolado deve ser undo global[32m 2[2mms[22m[39m
     [32mÔ£ô[39m "desfazer" deve ser undo global[32m 0[2mms[22m[39m
     [32mÔ£ô[39m "cancelar ponto time b" deve ser subtract, nao undo[32m 1[2mms[22m[39m
     [32mÔ£ô[39m "tirar ponto time a" deve ser subtract[32m 0[2mms[22m[39m
     [32mÔ£ô[39m "corrigir ponto Flamengo" deve ser subtract time A[32m 1[2mms[22m[39m
     [32mÔ£ô[39m "volta ponto botafogo" deve ser subtract time B[32m 0[2mms[22m[39m
     [32mÔ£ô[39m "fora" isolado NAO deve ser ponto de erro[32m 0[2mms[22m[39m
     [32mÔ£ô[39m "vai" isolado NAO deve ser ponto[32m 0[2mms[22m[39m
     [32mÔ£ô[39m "rede" isolada NAO deve ser ponto de erro[32m 0[2mms[22m[39m
     [32mÔ£ô[39m "toque" isolado NAO deve ser ponto de erro[32m 0[2mms[22m[39m
     [32mÔ£ô[39m "na rede" (composto) SIM deve ser ponto de erro adversario[32m 0[2mms[22m[39m
[31m     [31m├ù[31m "dois toques time b" (composto) SIM deve ser ponto de erro do time B[39m[32m 6[2mms[22m[39m
     [32mÔ£ô[39m "mata bola time a" SIM deve ser ponto de ataque[32m 0[2mms[22m[39m
     [32mÔ£ô[39m ataque sem time, lastScorerTeam=B, deve retornar B (nao A/serving)[32m 0[2mms[22m[39m
[31m     [31m├ù[31m ataque sem time E sem lastScorerTeam deve retornar requiresMoreInfo[39m[32m 1[2mms[22m[39m
     [32mÔ£ô[39m ataque com time explicito A funciona normalmente[32m 0[2mms[22m[39m
     [32mÔ£ô[39m timeout sem time identificado retorna requiresMoreInfo=true[32m 0[2mms[22m[39m
     [32mÔ£ô[39m timeout time b resolve normalmente sem requiresMoreInfo[32m 0[2mms[22m[39m
     [32mÔ£ô[39m ponto com timeout time a resolve normalmente[32m 0[2mms[22m[39m
[31m     [31m├ù[31m nome que corresponde a jogadores de ambos os times retorna ambiguous ou unknown[39m[32m 2[2mms[22m[39m
     [32mÔ£ô[39m nome parcial unico resolve corretamente[32m 0[2mms[22m[39m
     [32mÔ£ô[39m nome de jogador unico + time explicito resolve corretamente[32m 0[2mms[22m[39m
     [32mÔ£ô[39m qualquer comando com isMatchOver=true deve retornar unknown[32m 0[2mms[22m[39m
     [32mÔ£ô[39m undo com isMatchOver=true deve retornar unknown[32m 0[2mms[22m[39m
[31m     [31m├ù[31m "mais um" com lastScorerTeam=B deve marcar ponto B[39m[32m 2[2mms[22m[39m
     [32mÔ£ô[39m "ponto" com lastScorerTeam=A deve marcar ponto A[32m 0[2mms[22m[39m
 [31mÔØ»[39m src/features/voice/services/__tests__/VoiceCommandParser.test.ts [2m([22m[2m78 tests[22m[2m | [22m[31m2 failed[39m[2m)[22m[32m 35[2mms[22m[39m
     [32mÔ£ô[39m deve reconhecer "desfazer" como undo[32m 2[2mms[22m[39m
     [32mÔ£ô[39m deve reconhecer "ops" como undo (sin├┤nimo fon├®tico)[32m 0[2mms[22m[39m
     [32mÔ£ô[39m deve reconhecer ponto para time A por nome[32m 1[2mms[22m[39m
     [32mÔ£ô[39m deve reconhecer ponto para time B por nome[32m 0[2mms[22m[39m
     [32mÔ£ô[39m deve reconhecer "ponto do time a"[32m 0[2mms[22m[39m
     [32mÔ£ô[39m deve reconhecer "tirar ponto do time b" como negativo[32m 1[2mms[22m[39m
     [32mÔ£ô[39m deve bloquear comandos quando isMatchOver = true[32m 0[2mms[22m[39m
     [32mÔ£ô[39m deve reconhecer "ponto Time 3" com time chamado "Time 3"[32m 0[2mms[22m[39m
     [32mÔ£ô[39m deve reconhecer "ponto do Time 7" com time chamado "Time 7"[32m 0[2mms[22m[39m
     [32mÔ£ô[39m deve reconhecer "ponto para o Time 3" com preposi├º├Áes[32m 0[2mms[22m[39m
     [32mÔ£ô[39m deve reconhecer "bloqueio Time 3" como ponto + skill + team[32m 1[2mms[22m[39m
     [32mÔ£ô[39m deve reconhecer "ponto de bloqueio Time 3" como ponto + skill + team[32m 0[2mms[22m[39m
     [32mÔ£ô[39m deve reconhecer time com nome longo "Escola de V├┤lei Santos"[32m 1[2mms[22m[39m
     [32mÔ£ô[39m deve reconhecer time com erro de transcri├º├úo (fuzzy)[32m 0[2mms[22m[39m
     [32mÔ£ô[39m deve reconhecer time num├®rico em timeout[32m 0[2mms[22m[39m
     [32mÔ£ô[39m deve reconhecer time num├®rico em timeout (time B)[32m 0[2mms[22m[39m
     [32mÔ£ô[39m deve reconhecer "esquerda" como Time A[32m 0[2mms[22m[39m
     [32mÔ£ô[39m deve reconhecer "direita" como Time B[32m 0[2mms[22m[39m
     [32mÔ£ô[39m deve reconhecer "lado esquerdo" como Time A[32m 0[2mms[22m[39m
     [32mÔ£ô[39m deve reconhecer "lado direito" como Time B[32m 0[2mms[22m[39m
     [32mÔ£ô[39m deve reconhecer "trocar lados"[32m 0[2mms[22m[39m
     [32mÔ£ô[39m deve reconhecer "trocar de lado"[32m 0[2mms[22m[39m
     [32mÔ£ô[39m deve reconhecer "inverter"[32m 0[2mms[22m[39m
     [32mÔ£ô[39m deve reconhecer "mudar lados"[32m 0[2mms[22m[39m
     [32mÔ£ô[39m deve reconhecer "virar lado"[32m 0[2mms[22m[39m
     [32mÔ£ô[39m deve reconhecer "swap sides" em ingl├¬s[32m 0[2mms[22m[39m
     [32mÔ£ô[39m deve reconhecer "switch sides" em ingl├¬s[32m 0[2mms[22m[39m
     [32mÔ£ô[39m deve reconhecer "cambiar lados" em espanhol[32m 0[2mms[22m[39m
     [32mÔ£ô[39m REGRA 1 ÔÇö "Ace" sem time ÔåÆ servingTeam (A)[32m 0[2mms[22m[39m
     [32mÔ£ô[39m REGRA 1 ÔÇö "Ace" sem time ÔåÆ servingTeam (B)[32m 0[2mms[22m[39m
[31m     [31m├ù[31m REGRA 2 ÔÇö "Erro" sem time ÔåÆ oposto ao servidor (B pontuou)[39m[32m 7[2mms[22m[39m
     [32mÔ£ô[39m REGRA 3 ÔÇö "Bloqueio" sem time ÔåÆ oposto ao servidor[32m 0[2mms[22m[39m
     [32mÔ£ô[39m REGRA 4 ÔÇö "Ponto!" sem time ÔåÆ lastScorerTeam[32m 0[2mms[22m[39m
     [32mÔ£ô[39m deve retornar unknown quando n├úo h├í contexto suficiente[32m 0[2mms[22m[39m
     [32mÔ£ô[39m deve reconhecer "Jo├úo ataque" ÔÇö jogador + skill[32m 0[2mms[22m[39m
     [32mÔ£ô[39m deve reconhecer "Ana Paula bloqueio" ÔÇö jogadora + skill[32m 0[2mms[22m[39m
     [32mÔ£ô[39m deve reconhecer "Carlos ace" ÔÇö jogador + skill[32m 0[2mms[22m[39m
[31m     [31m├ù[31m deve reconhecer "Beatriz erro" ÔÇö jogadora + skill[39m[32m 2[2mms[22m[39m
     [32mÔ£ô[39m deve reconhecer "time A ataque"[32m 2[2mms[22m[39m
     [32mÔ£ô[39m deve reconhecer "time B bloqueio"[32m 0[2mms[22m[39m
     [32mÔ£ô[39m deve reconhecer "ponto de ataque time A"[32m 0[2mms[22m[39m
     [32mÔ£ô[39m deve reconhecer "ponto de bloqueio time B"[32m 0[2mms[22m[39m
     [32mÔ£ô[39m deve reconhecer "esquerda ataque"[32m 0[2mms[22m[39m
     [32mÔ£ô[39m deve reconhecer "direita bloqueio"[32m 0[2mms[22m[39m
     [32mÔ£ô[39m deve reconhecer "ponto de bloqueio Flamengo"[32m 0[2mms[22m[39m
     [32mÔ£ô[39m deve reconhecer "ponto de ataque Botafogo"[32m 0[2mms[22m[39m
     [32mÔ£ô[39m deve reconhecer "timeout Flamengo"[32m 0[2mms[22m[39m
     [32mÔ£ô[39m deve reconhecer "timeout Botafogo"[32m 0[2mms[22m[39m
     [32mÔ£ô[39m deve reconhecer "pausa time A"[32m 0[2mms[22m[39m
     [32mÔ£ô[39m deve reconhecer "timeout time B"[32m 0[2mms[22m[39m
     [32mÔ£ô[39m deve reconhecer timeout com variante fon├®tica[32m 0[2mms[22m[39m
     [32mÔ£ô[39m deve reconhecer "pedido de tempo Botafogo"[32m 0[2mms[22m[39m
     [32mÔ£ô[39m deve reconhecer "timeout" em ingl├¬s com time[32m 0[2mms[22m[39m
     [32mÔ£ô[39m deve casar "Joao" com jogador "Jo├úo Silva" (acento)[32m 0[2mms[22m[39m
     [32mÔ£ô[39m deve casar "carlos" com "Carlos Lima"[32m 0[2mms[22m[39m
     [32mÔ£ô[39m deve casar jogador por n├║mero de camisa[32m 0[2mms[22m[39m
     [32mÔ£ô[39m deve tolerar "Joao Silv" (truncado) e casar com Jo├úo Silva[32m 0[2mms[22m[39m
     [32mÔ£ô[39m deve reconhecer nome de time com erro de transcri├º├úo[32m 0[2mms[22m[39m
     [32mÔ£ô[39m "saque" isolado ÔåÆ troca de server, n├úo ace[32m 0[2mms[22m[39m
     [32mÔ£ô[39m "saque direto" ÔåÆ ace, n├úo server change[32m 0[2mms[22m[39m
     [32mÔ£ô[39m "ponto no saque" ÔåÆ ace para servingTeam se sem time expl├¡cito[32m 0[2mms[22m[39m
     [32mÔ£ô[39m deve tolerar texto em mai├║sculas[32m 0[2mms[22m[39m
     [32mÔ£ô[39m deve tolerar "pont" (frase cortada) como "ponto"[32m 0[2mms[22m[39m
     [32mÔ£ô[39m deve converter "bloco" ÔåÆ "bloqueio"[32m 0[2mms[22m[39m
     [32mÔ£ô[39m deve converter n├║meros por extenso[32m 0[2mms[22m[39m
     [32mÔ£ô[39m deve reconhecer "point for team a" em ingl├¬s[32m 0[2mms[22m[39m
     [32mÔ£ô[39m deve reconhecer "undo" em ingl├¬s[32m 0[2mms[22m[39m
     [32mÔ£ô[39m deve casar "sack" como "serve" em ingl├¬s (fon├®tico)[32m 0[2mms[22m[39m
     [32mÔ£ô[39m deve reconhecer "left attack" como Time A + skill[32m 0[2mms[22m[39m
     [32mÔ£ô[39m deve reconhecer "right block" como Time B + skill[32m 0[2mms[22m[39m
     [32mÔ£ô[39m deve reconhecer "point Flamengo" com nome do time em ingl├¬s[32m 0[2mms[22m[39m
     [32mÔ£ô[39m deve reconhecer "Jo├úo ponto de ataque"[32m 0[2mms[22m[39m
     [32mÔ£ô[39m deve reconhecer "time da casa bloqueio"[32m 0[2mms[22m[39m
     [32mÔ£ô[39m deve reconhecer "visitante ponto de erro"[32m 0[2mms[22m[39m
     [32mÔ£ô[39m deve reconhecer "ponto de bloqueio do Time 3" com time num├®rico[32m 0[2mms[22m[39m
     [32mÔ£ô[39m deve reconhecer "ace do Time 7"[32m 0[2mms[22m[39m
     [32mÔ£ô[39m deve reconhecer "ponto de ataque do Time 5"[32m 0[2mms[22m[39m
     [32mÔ£ô[39m deve reconhecer "mais um ponto para o Flamengo"[32m 0[2mms[22m[39m

ÔÄ»ÔÄ»ÔÄ»ÔÄ»ÔÄ»ÔÄ»ÔÄ» Failed Tests 6 ÔÄ»ÔÄ»ÔÄ»ÔÄ»ÔÄ»ÔÄ»ÔÄ»

 FAIL  src/features/voice/services/__tests__/VoiceCommandParser.improvements.test.ts > Fix 4.4: keywords curtas nao disparam acoes sozinhas > "dois toques time b" (composto) SIM deve ser ponto de erro do time B
AssertionError: expected undefined to be 'opponent_error' // Object.is equality

- Expected: 
"opponent_error"

+ Received: 
undefined

 ÔØ» src/features/voice/services/__tests__/VoiceCommandParser.improvements.test.ts:133:30
    131|         const result = parse('dois toques time b', { statsEnabled: falÔÇª
    132|         expect(result.type).toBe('point');
    133|         expect(result.skill).toBe('opponent_error');
       |                              ^
    134|         expect(result.team).toBe('B');
    135|     });

ÔÄ»ÔÄ»ÔÄ»ÔÄ»ÔÄ»ÔÄ»ÔÄ»ÔÄ»ÔÄ»ÔÄ»ÔÄ»ÔÄ»ÔÄ»ÔÄ»ÔÄ»ÔÄ»ÔÄ»ÔÄ»ÔÄ»ÔÄ»ÔÄ»ÔÄ»ÔÄ»ÔÄ»[1/6]ÔÄ»

 FAIL  src/features/voice/services/__tests__/VoiceCommandParser.improvements.test.ts > Fix 4.5: REGRA 5 ataque usa lastScorerTeam > ataque sem time E sem lastScorerTeam deve retornar requiresMoreInfo
AssertionError: expected undefined to be true // Object.is equality

- Expected: 
true

+ Received: 
undefined

 ÔØ» src/features/voice/services/__tests__/VoiceCommandParser.improvements.test.ts:169:41
    167|         });
    168|         // Prefere pedir informacao em vez de adivinhar
    169|         expect(result.requiresMoreInfo).toBe(true);
       |                                         ^
    170|     });
    171| 

ÔÄ»ÔÄ»ÔÄ»ÔÄ»ÔÄ»ÔÄ»ÔÄ»ÔÄ»ÔÄ»ÔÄ»ÔÄ»ÔÄ»ÔÄ»ÔÄ»ÔÄ»ÔÄ»ÔÄ»ÔÄ»ÔÄ»ÔÄ»ÔÄ»ÔÄ»ÔÄ»ÔÄ»[2/6]ÔÄ»

 FAIL  src/features/voice/services/__tests__/VoiceCommandParser.improvements.test.ts > Ambiguidade entre jogadores de times diferentes > nome que corresponde a jogadores de ambos os times retorna ambiguous ou unknown
AssertionError: expected false to be true // Object.is equality

- Expected
+ Received

- true
+ false

 ÔØ» src/features/voice/services/__tests__/VoiceCommandParser.improvements.test.ts:233:74
    231|         // "Ana" casa como startsWith em Ana Costa (A) e Ana Lima (B)
    232|         // Deve retornar ambiguous ou unknown, nunca executar silencioÔÇª
    233|         expect(result.type === 'unknown' || result.isAmbiguous === truÔÇª
       |                                                                          ^
    234|     });
    235| 

ÔÄ»ÔÄ»ÔÄ»ÔÄ»ÔÄ»ÔÄ»ÔÄ»ÔÄ»ÔÄ»ÔÄ»ÔÄ»ÔÄ»ÔÄ»ÔÄ»ÔÄ»ÔÄ»ÔÄ»ÔÄ»ÔÄ»ÔÄ»ÔÄ»ÔÄ»ÔÄ»ÔÄ»[3/6]ÔÄ»

 FAIL  src/features/voice/services/__tests__/VoiceCommandParser.improvements.test.ts > Continuidade por lastScorerTeam (REGRA 4) > "mais um" com lastScorerTeam=B deve marcar ponto B
AssertionError: expected 'unknown' to be 'point' // Object.is equality

Expected: "point"
Received: "unknown"

 ÔØ» src/features/voice/services/__tests__/VoiceCommandParser.improvements.test.ts:286:29
    284|             lastScorerTeam: 'B',
    285|         });
    286|         expect(result.type).toBe('point');
       |                             ^
    287|         expect(result.team).toBe('B');
    288|     });

ÔÄ»ÔÄ»ÔÄ»ÔÄ»ÔÄ»ÔÄ»ÔÄ»ÔÄ»ÔÄ»ÔÄ»ÔÄ»ÔÄ»ÔÄ»ÔÄ»ÔÄ»ÔÄ»ÔÄ»ÔÄ»ÔÄ»ÔÄ»ÔÄ»ÔÄ»ÔÄ»ÔÄ»[4/6]ÔÄ»

 FAIL  src/features/voice/services/__tests__/VoiceCommandParser.test.ts > VoiceCommandParser ÔÇö Infer├¬ncia Contextual > REGRA 2 ÔÇö "Erro" sem time ÔåÆ oposto ao servidor (B pontuou)
AssertionError: expected 'unknown' to be 'point' // Object.is equality

Expected: "point"
Received: "unknown"

 ÔØ» src/features/voice/services/__tests__/VoiceCommandParser.test.ts:255:25
    253|   it('REGRA 2 ÔÇö "Erro" sem time ÔåÆ oposto ao servidor (B pontuou)', () ÔÇª
    254|     const result = parse('erro', { servingTeam: 'A' });
    255|     expect(result.type).toBe('point');
       |                         ^
    256|     expect(result.team).toBe('B');
    257|     expect(result.skill).toBe('opponent_error');

ÔÄ»ÔÄ»ÔÄ»ÔÄ»ÔÄ»ÔÄ»ÔÄ»ÔÄ»ÔÄ»ÔÄ»ÔÄ»ÔÄ»ÔÄ»ÔÄ»ÔÄ»ÔÄ»ÔÄ»ÔÄ»ÔÄ»ÔÄ»ÔÄ»ÔÄ»ÔÄ»ÔÄ»[5/6]ÔÄ»

 FAIL  src/features/voice/services/__tests__/VoiceCommandParser.test.ts > VoiceCommandParser ÔÇö Jogador + Skill > deve reconhecer "Beatriz erro" ÔÇö jogadora + skill
AssertionError: expected undefined to be 'opponent_error' // Object.is equality

- Expected: 
"opponent_error"

+ Received: 
undefined

 ÔØ» src/features/voice/services/__tests__/VoiceCommandParser.test.ts:314:26

    312|     expect(result.team).toBe('B');
    313|     expect(result.player?.name).toBe('Beatriz Souza');
    314|     expect(result.skill).toBe('opponent_error');
       |                          ^
    315|   });
    316| 

ÔÄ»ÔÄ»ÔÄ»ÔÄ»ÔÄ»ÔÄ»ÔÄ»ÔÄ»ÔÄ»ÔÄ»ÔÄ»ÔÄ»ÔÄ»ÔÄ»ÔÄ»ÔÄ»ÔÄ»ÔÄ»ÔÄ»ÔÄ»ÔÄ»ÔÄ»ÔÄ»ÔÄ»[6/6]ÔÄ»

[2m Test Files [22m [1m[31m2 failed[39m[22m[90m (2)[39m
[2m      Tests [22m [1m[31m6 failed[39m[22m[2m | [22m[1m[32m98 passed[39m[22m[90m (104)[39m
[2m   Start at [22m 16:53:52
[2m   Duration [22m 363ms[2m (transform 152ms, setup 0ms, import 240ms, tests 55ms, environment 0ms)[22m

